Errors tackled - 

1. Unique users name.